#! 
:ivl_version "13.0 (devel)" "(s20251012-92-gfe295c89f-dirty)";
:ivl_delay_selection "TYPICAL";
:vpi_time_precision + 0;
:vpi_module "D:\OSS-CA~1\lib\ivl\system.vpi";
:vpi_module "D:\OSS-CA~1\lib\ivl\vhdl_sys.vpi";
:vpi_module "D:\OSS-CA~1\lib\ivl\vhdl_textio.vpi";
:vpi_module "D:\OSS-CA~1\lib\ivl\v2005_math.vpi";
:vpi_module "D:\OSS-CA~1\lib\ivl\va_math.vpi";
S_0000027d71efdfe0 .scope module, "ALU_control" "ALU_control" 2 1;
 .timescale 0 0;
    .port_info 0 /INPUT 32 "A";
    .port_info 1 /INPUT 32 "B";
    .port_info 2 /INPUT 2 "ALUOp";
    .port_info 3 /INPUT 3 "funct3";
    .port_info 4 /INPUT 1 "op5";
    .port_info 5 /INPUT 1 "funct7_5";
    .port_info 6 /OUTPUT 32 "result";
    .port_info 7 /OUTPUT 1 "Zero";
o0000027d71f14fb8 .functor BUFZ 32, c4<zzzzzzzzzzzzzzzzzzzzzzzzzzzzzzzz>; HiZ drive
v0000027d71f5f850_0 .net "A", 31 0, o0000027d71f14fb8;  0 drivers
o0000027d71f15198 .functor BUFZ 2, c4<zz>; HiZ drive
v0000027d71f5f8f0_0 .net "ALUOp", 1 0, o0000027d71f15198;  0 drivers
v0000027d71f5f990_0 .var "Alucontrol", 2 0;
o0000027d71f15018 .functor BUFZ 32, c4<zzzzzzzzzzzzzzzzzzzzzzzzzzzzzzzz>; HiZ drive
v0000027d71f5fa30_0 .net "B", 31 0, o0000027d71f15018;  0 drivers
v0000027d71f5fad0_0 .net "Zero", 0 0, v0000027d71f0e1f0_0;  1 drivers
o0000027d71f151c8 .functor BUFZ 3, c4<zzz>; HiZ drive
v0000027d71f06720_0 .net "funct3", 2 0, o0000027d71f151c8;  0 drivers
o0000027d71f151f8 .functor BUFZ 1, c4<z>; HiZ drive
v0000027d71f06d60_0 .net "funct7_5", 0 0, o0000027d71f151f8;  0 drivers
o0000027d71f15228 .functor BUFZ 1, c4<z>; HiZ drive
v0000027d71f07260_0 .net "op5", 0 0, o0000027d71f15228;  0 drivers
v0000027d71f06c20_0 .net "result", 31 0, v0000027d71c4d3b0_0;  1 drivers
E_0000027d71efcaf0 .event anyedge, v0000027d71f5f8f0_0, v0000027d71f06720_0, v0000027d71f07260_0, v0000027d71f06d60_0;
S_0000027d71c4d220 .scope module, "DECO" "ALU" 2 40, 3 1 0, S_0000027d71efdfe0;
 .timescale 0 0;
    .port_info 0 /INPUT 32 "A";
    .port_info 1 /INPUT 32 "B";
    .port_info 2 /INPUT 3 "Alucontrol";
    .port_info 3 /OUTPUT 32 "result";
    .port_info 4 /OUTPUT 1 "Zero";
v0000027d71ed6de0_0 .net "A", 0 31, o0000027d71f14fb8;  alias, 0 drivers
v0000027d71c4bef0_0 .net "Alucontrol", 0 2, v0000027d71f5f990_0;  1 drivers
v0000027d71ed6800_0 .net "B", 0 31, o0000027d71f15018;  alias, 0 drivers
v0000027d71f0e1f0_0 .var "Zero", 0 0;
v0000027d71c4d3b0_0 .var "result", 0 31;
E_0000027d71efcbb0 .event anyedge, v0000027d71c4bef0_0, v0000027d71ed6de0_0, v0000027d71ed6800_0, v0000027d71c4d3b0_0;
S_0000027d71c4d090 .scope module, "ALU_tb" "ALU_tb" 4 1;
 .timescale 0 0;
v0000027d71f07300_0 .var "A", 0 31;
v0000027d71f07080_0 .var "Alucontrol", 0 2;
v0000027d71f07440_0 .var "B", 0 31;
v0000027d71f073a0_0 .net "Zero", 0 0, v0000027d71f06b80_0;  1 drivers
v0000027d71f06cc0_0 .net "result", 0 31, v0000027d71f06e00_0;  1 drivers
v0000027d71f074e0_0 .net "timestamp", 63 0, L_0000027d71f07120;  1 drivers
L_0000027d71f07120 .sfunc 4 21 "$time", "v64";
S_0000027d71f5fb70 .scope module, "DUT" "ALU" 4 8, 3 1 0, S_0000027d71c4d090;
 .timescale 0 0;
    .port_info 0 /INPUT 32 "A";
    .port_info 1 /INPUT 32 "B";
    .port_info 2 /INPUT 3 "Alucontrol";
    .port_info 3 /OUTPUT 32 "result";
    .port_info 4 /OUTPUT 1 "Zero";
v0000027d71f06ea0_0 .net "A", 0 31, v0000027d71f07300_0;  1 drivers
v0000027d71f06f40_0 .net "Alucontrol", 0 2, v0000027d71f07080_0;  1 drivers
v0000027d71f06fe0_0 .net "B", 0 31, v0000027d71f07440_0;  1 drivers
v0000027d71f06b80_0 .var "Zero", 0 0;
v0000027d71f06e00_0 .var "result", 0 31;
E_0000027d71efc430 .event anyedge, v0000027d71f06f40_0, v0000027d71f06ea0_0, v0000027d71f06fe0_0, v0000027d71f06e00_0;
    .scope S_0000027d71c4d220;
T_0 ;
    %wait E_0000027d71efcbb0;
    %load/vec4 v0000027d71c4bef0_0;
    %dup/vec4;
    %pushi/vec4 0, 0, 3;
    %cmp/u;
    %jmp/1 T_0.0, 6;
    %dup/vec4;
    %pushi/vec4 1, 0, 3;
    %cmp/u;
    %jmp/1 T_0.1, 6;
    %dup/vec4;
    %pushi/vec4 2, 0, 3;
    %cmp/u;
    %jmp/1 T_0.2, 6;
    %dup/vec4;
    %pushi/vec4 3, 0, 3;
    %cmp/u;
    %jmp/1 T_0.3, 6;
    %dup/vec4;
    %pushi/vec4 5, 0, 3;
    %cmp/u;
    %jmp/1 T_0.4, 6;
    %pushi/vec4 0, 0, 32;
    %store/vec4 v0000027d71c4d3b0_0, 0, 32;
    %jmp T_0.6;
T_0.0 ;
    %load/vec4 v0000027d71ed6de0_0;
    %load/vec4 v0000027d71ed6800_0;
    %add;
    %store/vec4 v0000027d71c4d3b0_0, 0, 32;
    %jmp T_0.6;
T_0.1 ;
    %load/vec4 v0000027d71ed6de0_0;
    %load/vec4 v0000027d71ed6800_0;
    %sub;
    %store/vec4 v0000027d71c4d3b0_0, 0, 32;
    %jmp T_0.6;
T_0.2 ;
    %load/vec4 v0000027d71ed6de0_0;
    %load/vec4 v0000027d71ed6800_0;
    %and;
    %store/vec4 v0000027d71c4d3b0_0, 0, 32;
    %jmp T_0.6;
T_0.3 ;
    %load/vec4 v0000027d71ed6de0_0;
    %load/vec4 v0000027d71ed6800_0;
    %or;
    %store/vec4 v0000027d71c4d3b0_0, 0, 32;
    %jmp T_0.6;
T_0.4 ;
    %load/vec4 v0000027d71ed6de0_0;
    %ix/getv 4, v0000027d71ed6800_0;
    %shiftl 4;
    %store/vec4 v0000027d71c4d3b0_0, 0, 32;
    %jmp T_0.6;
T_0.6 ;
    %pop/vec4 1;
    %load/vec4 v0000027d71c4d3b0_0;
    %cmpi/e 0, 0, 32;
    %jmp/0xz  T_0.7, 4;
    %pushi/vec4 1, 0, 1;
    %store/vec4 v0000027d71f0e1f0_0, 0, 1;
    %jmp T_0.8;
T_0.7 ;
    %pushi/vec4 0, 0, 1;
    %store/vec4 v0000027d71f0e1f0_0, 0, 1;
T_0.8 ;
    %jmp T_0;
    .thread T_0, $push;
    .scope S_0000027d71efdfe0;
T_1 ;
    %wait E_0000027d71efcaf0;
    %load/vec4 v0000027d71f5f8f0_0;
    %dup/vec4;
    %pushi/vec4 0, 0, 2;
    %cmp/u;
    %jmp/1 T_1.0, 6;
    %dup/vec4;
    %pushi/vec4 1, 0, 2;
    %cmp/u;
    %jmp/1 T_1.1, 6;
    %dup/vec4;
    %pushi/vec4 2, 0, 2;
    %cmp/u;
    %jmp/1 T_1.2, 6;
    %pushi/vec4 0, 0, 3;
    %store/vec4 v0000027d71f5f990_0, 0, 3;
    %jmp T_1.4;
T_1.0 ;
    %pushi/vec4 0, 0, 3;
    %store/vec4 v0000027d71f5f990_0, 0, 3;
    %jmp T_1.4;
T_1.1 ;
    %pushi/vec4 1, 0, 3;
    %store/vec4 v0000027d71f5f990_0, 0, 3;
    %jmp T_1.4;
T_1.2 ;
    %load/vec4 v0000027d71f06720_0;
    %dup/vec4;
    %pushi/vec4 0, 0, 3;
    %cmp/u;
    %jmp/1 T_1.5, 6;
    %dup/vec4;
    %pushi/vec4 2, 0, 3;
    %cmp/u;
    %jmp/1 T_1.6, 6;
    %dup/vec4;
    %pushi/vec4 6, 0, 3;
    %cmp/u;
    %jmp/1 T_1.7, 6;
    %dup/vec4;
    %pushi/vec4 7, 0, 3;
    %cmp/u;
    %jmp/1 T_1.8, 6;
    %pushi/vec4 0, 0, 3;
    %store/vec4 v0000027d71f5f990_0, 0, 3;
    %jmp T_1.10;
T_1.5 ;
    %load/vec4 v0000027d71f07260_0;
    %flag_set/vec4 9;
    %flag_get/vec4 9;
    %jmp/0 T_1.13, 9;
    %load/vec4 v0000027d71f06d60_0;
    %and;
T_1.13;
    %flag_set/vec4 8;
    %jmp/0xz  T_1.11, 8;
    %pushi/vec4 1, 0, 3;
    %store/vec4 v0000027d71f5f990_0, 0, 3;
    %jmp T_1.12;
T_1.11 ;
    %pushi/vec4 0, 0, 3;
    %store/vec4 v0000027d71f5f990_0, 0, 3;
T_1.12 ;
    %jmp T_1.10;
T_1.6 ;
    %pushi/vec4 5, 0, 3;
    %store/vec4 v0000027d71f5f990_0, 0, 3;
    %jmp T_1.10;
T_1.7 ;
    %pushi/vec4 3, 0, 3;
    %store/vec4 v0000027d71f5f990_0, 0, 3;
    %jmp T_1.10;
T_1.8 ;
    %pushi/vec4 2, 0, 3;
    %store/vec4 v0000027d71f5f990_0, 0, 3;
    %jmp T_1.10;
T_1.10 ;
    %pop/vec4 1;
    %jmp T_1.4;
T_1.4 ;
    %pop/vec4 1;
    %jmp T_1;
    .thread T_1, $push;
    .scope S_0000027d71f5fb70;
T_2 ;
    %wait E_0000027d71efc430;
    %load/vec4 v0000027d71f06f40_0;
    %dup/vec4;
    %pushi/vec4 0, 0, 3;
    %cmp/u;
    %jmp/1 T_2.0, 6;
    %dup/vec4;
    %pushi/vec4 1, 0, 3;
    %cmp/u;
    %jmp/1 T_2.1, 6;
    %dup/vec4;
    %pushi/vec4 2, 0, 3;
    %cmp/u;
    %jmp/1 T_2.2, 6;
    %dup/vec4;
    %pushi/vec4 3, 0, 3;
    %cmp/u;
    %jmp/1 T_2.3, 6;
    %dup/vec4;
    %pushi/vec4 5, 0, 3;
    %cmp/u;
    %jmp/1 T_2.4, 6;
    %pushi/vec4 0, 0, 32;
    %store/vec4 v0000027d71f06e00_0, 0, 32;
    %jmp T_2.6;
T_2.0 ;
    %load/vec4 v0000027d71f06ea0_0;
    %load/vec4 v0000027d71f06fe0_0;
    %add;
    %store/vec4 v0000027d71f06e00_0, 0, 32;
    %jmp T_2.6;
T_2.1 ;
    %load/vec4 v0000027d71f06ea0_0;
    %load/vec4 v0000027d71f06fe0_0;
    %sub;
    %store/vec4 v0000027d71f06e00_0, 0, 32;
    %jmp T_2.6;
T_2.2 ;
    %load/vec4 v0000027d71f06ea0_0;
    %load/vec4 v0000027d71f06fe0_0;
    %and;
    %store/vec4 v0000027d71f06e00_0, 0, 32;
    %jmp T_2.6;
T_2.3 ;
    %load/vec4 v0000027d71f06ea0_0;
    %load/vec4 v0000027d71f06fe0_0;
    %or;
    %store/vec4 v0000027d71f06e00_0, 0, 32;
    %jmp T_2.6;
T_2.4 ;
    %load/vec4 v0000027d71f06ea0_0;
    %ix/getv 4, v0000027d71f06fe0_0;
    %shiftl 4;
    %store/vec4 v0000027d71f06e00_0, 0, 32;
    %jmp T_2.6;
T_2.6 ;
    %pop/vec4 1;
    %load/vec4 v0000027d71f06e00_0;
    %cmpi/e 0, 0, 32;
    %jmp/0xz  T_2.7, 4;
    %pushi/vec4 1, 0, 1;
    %store/vec4 v0000027d71f06b80_0, 0, 1;
    %jmp T_2.8;
T_2.7 ;
    %pushi/vec4 0, 0, 1;
    %store/vec4 v0000027d71f06b80_0, 0, 1;
T_2.8 ;
    %jmp T_2;
    .thread T_2, $push;
    .scope S_0000027d71c4d090;
T_3 ;
    %pushi/vec4 80, 0, 32;
T_3.0 %dup/vec4;
    %cmpi/s 0, 0, 32;
    %jmp/1xz T_3.1, 5;
    %jmp/1 T_3.1, 4;
    %subi 1, 0, 32;
    %vpi_func 4 13 "$random" 32 {0 0 0};
    %pushi/vec4 100, 0, 32;
    %mod/s;
    %store/vec4 v0000027d71f07300_0, 0, 32;
    %vpi_func 4 14 "$random" 32 {0 0 0};
    %pushi/vec4 100, 0, 32;
    %mod/s;
    %store/vec4 v0000027d71f07440_0, 0, 32;
    %vpi_func 4 15 "$random" 32 {0 0 0};
    %pushi/vec4 6, 0, 32;
    %mod/s;
    %pad/s 3;
    %store/vec4 v0000027d71f07080_0, 0, 3;
    %delay 10, 0;
    %jmp T_3.0;
T_3.1 ;
    %pop/vec4 1;
    %end;
    .thread T_3;
    .scope S_0000027d71c4d090;
T_4 ;
    %vpi_call 4 25 "$monitor", "%4t | %d | %d | %d | %d | %d | \012 ", v0000027d71f074e0_0, v0000027d71f07300_0, v0000027d71f07440_0, v0000027d71f07080_0, v0000027d71f06cc0_0, v0000027d71f073a0_0 {0 0 0};
    %end;
    .thread T_4;
    .scope S_0000027d71c4d090;
T_5 ;
    %vpi_call 4 29 "$dumpfile", "ALU_TB.vcd" {0 0 0};
    %vpi_call 4 30 "$dumpvars", 32'sb00000000000000000000000000000000, S_0000027d71c4d090 {0 0 0};
    %end;
    .thread T_5;
# The file index is used to find the file name in the following table.
:file_names 5;
    "N/A";
    "<interactive>";
    "ALU_control.v";
    "alu.v";
    "alu_tb.v";
