#! 
:ivl_version "13.0 (devel)" "(s20251012-92-gfe295c89f-dirty)";
:ivl_delay_selection "TYPICAL";
:vpi_time_precision + 0;
:vpi_module "D:\OSS-CA~1\lib\ivl\system.vpi";
:vpi_module "D:\OSS-CA~1\lib\ivl\vhdl_sys.vpi";
:vpi_module "D:\OSS-CA~1\lib\ivl\vhdl_textio.vpi";
:vpi_module "D:\OSS-CA~1\lib\ivl\v2005_math.vpi";
:vpi_module "D:\OSS-CA~1\lib\ivl\va_math.vpi";
S_00000233aacfd790 .scope module, "main_tb" "main_tb" 2 1;
 .timescale 0 0;
v00000233aadb0620_0 .var "clk", 0 0;
v00000233aadb04e0_0 .var "rst", 0 0;
S_00000233aac66610 .scope module, "dut" "main" 2 6, 3 1 0, S_00000233aacfd790;
 .timescale 0 0;
    .port_info 0 /INPUT 1 "clk";
    .port_info 1 /INPUT 1 "rst";
L_00000233aacf54e0 .functor BUFZ 4, L_00000233aadb10c0, C4<0000>, C4<0000>, C4<0000>;
L_00000233aacf4ec0 .functor AND 1, v00000233aacf2c60_0, L_00000233aae0a3d0, C4<1>, C4<1>;
L_00000233aacf4f30 .functor OR 1, v00000233aacf3980_0, L_00000233aacf4ec0, C4<0>, C4<0>;
v00000233aadaa550_0 .var "A", 31 0;
v00000233aadab1d0_0 .net "A1", 3 0, L_00000233aadb15c0;  1 drivers
v00000233aadabef0_0 .net "A2", 3 0, L_00000233aadb0260;  1 drivers
v00000233aadab810_0 .net "A3", 3 0, L_00000233aacf54e0;  1 drivers
v00000233aadab310_0 .net "ALUOp", 1 0, v00000233aacf4600_0;  1 drivers
v00000233aadabc70_0 .var "ALUOut", 31 0;
v00000233aadab3b0_0 .net "ALUOutWrite", 0 0, v00000233aacf4240_0;  1 drivers
v00000233aadab450_0 .net "ALUResult", 31 0, v00000233aacf3d40_0;  1 drivers
v00000233aadab770_0 .net "ALUSrcA", 0 0, v00000233aacf37a0_0;  1 drivers
v00000233aadabd10_0 .net "ALUSrcB", 1 0, v00000233aacf30c0_0;  1 drivers
v00000233aadabe50_0 .var "B", 31 0;
v00000233aacf3de0_0 .net "Branch", 0 0, v00000233aacf2c60_0;  1 drivers
v00000233aadadaa0_0 .var "IR", 23 0;
v00000233aadad640_0 .net "IRWrite", 0 0, v00000233aacf3ca0_0;  1 drivers
v00000233aadac1a0_0 .net "ImmExt", 31 0, v00000233aadaa9b0_0;  1 drivers
v00000233aadac380_0 .net "Jump", 0 0, v00000233aacf2da0_0;  1 drivers
v00000233aadad960_0 .var "MDR", 31 0;
v00000233aadacd80_0 .net "MDRWrite", 0 0, v00000233aacf4420_0;  1 drivers
v00000233aadac240_0 .net "MemRead", 0 0, v00000233aacf44c0_0;  1 drivers
v00000233aadac420_0 .net "MemToReg", 0 0, v00000233aacf33e0_0;  1 drivers
v00000233aadad320_0 .net "MemWrite", 0 0, v00000233aacf3b60_0;  1 drivers
v00000233aadac920_0 .net "PCSrc", 1 0, v00000233aacf3480_0;  1 drivers
v00000233aadad140_0 .net "PCWrite", 0 0, v00000233aacf3980_0;  1 drivers
v00000233aadac4c0_0 .net "RD1", 31 0, v00000233aadaaeb0_0;  1 drivers
v00000233aadad1e0_0 .net "RD2", 31 0, v00000233aadaa5f0_0;  1 drivers
v00000233aadacce0_0 .net "ReadData", 31 0, L_00000233aacf4d00;  1 drivers
v00000233aadad460_0 .net "RegWrite", 0 0, v00000233aacf3e80_0;  1 drivers
v00000233aadad820_0 .net "SrcA", 31 0, L_00000233aae0a470;  1 drivers
v00000233aadac100_0 .net "SrcB", 31 0, L_00000233aae0a6f0;  1 drivers
v00000233aadac2e0_0 .net "WriteData", 31 0, L_00000233aae0a790;  1 drivers
v00000233aadad500_0 .net "Zero", 0 0, L_00000233aae0a3d0;  1 drivers
v00000233aadacba0_0 .net *"_ivl_100", 31 0, L_00000233aae0b4b0;  1 drivers
L_00000233aadb2688 .functor BUFT 1, C4<000000000000000000000000000000>, C4<0>, C4<0>, C4<0>;
v00000233aadac9c0_0 .net *"_ivl_103", 29 0, L_00000233aadb2688;  1 drivers
L_00000233aadb26d0 .functor BUFT 1, C4<00000000000000000000000000000001>, C4<0>, C4<0>, C4<0>;
v00000233aadad000_0 .net/2u *"_ivl_104", 31 0, L_00000233aadb26d0;  1 drivers
v00000233aadace20_0 .net *"_ivl_106", 0 0, L_00000233aae0a830;  1 drivers
v00000233aadac560_0 .net *"_ivl_108", 31 0, L_00000233aae0a8d0;  1 drivers
v00000233aadaddc0_0 .net *"_ivl_110", 31 0, L_00000233aae0aa10;  1 drivers
L_00000233aadb2718 .functor BUFT 1, C4<000000000000000000000000000000>, C4<0>, C4<0>, C4<0>;
v00000233aadacec0_0 .net *"_ivl_113", 29 0, L_00000233aadb2718;  1 drivers
L_00000233aadb2760 .functor BUFT 1, C4<00000000000000000000000000000010>, C4<0>, C4<0>, C4<0>;
v00000233aadad280_0 .net/2u *"_ivl_114", 31 0, L_00000233aadb2760;  1 drivers
v00000233aadac600_0 .net *"_ivl_116", 0 0, L_00000233aae0add0;  1 drivers
v00000233aadadf00_0 .net *"_ivl_118", 31 0, L_00000233aae0b2d0;  1 drivers
v00000233aadada00_0 .net *"_ivl_12", 31 0, L_00000233aadb0c60;  1 drivers
v00000233aadaca60_0 .net *"_ivl_120", 31 0, L_00000233aae0b9b0;  1 drivers
v00000233aadadb40_0 .net *"_ivl_122", 31 0, L_00000233aae0b370;  1 drivers
L_00000233aadb20e8 .functor BUFT 1, C4<0000000000000000000000000000>, C4<0>, C4<0>, C4<0>;
v00000233aadad3c0_0 .net *"_ivl_15", 27 0, L_00000233aadb20e8;  1 drivers
L_00000233aadb2130 .functor BUFT 1, C4<00000000000000000000000000000110>, C4<0>, C4<0>, C4<0>;
v00000233aadad6e0_0 .net/2u *"_ivl_16", 31 0, L_00000233aadb2130;  1 drivers
v00000233aadad5a0_0 .net *"_ivl_18", 0 0, L_00000233aadb1700;  1 drivers
v00000233aadad780_0 .net *"_ivl_21", 3 0, L_00000233aadb13e0;  1 drivers
v00000233aadadbe0_0 .net *"_ivl_24", 31 0, L_00000233aadb17a0;  1 drivers
L_00000233aadb2178 .functor BUFT 1, C4<0000000000000000000000000000>, C4<0>, C4<0>, C4<0>;
v00000233aadac6a0_0 .net *"_ivl_27", 27 0, L_00000233aadb2178;  1 drivers
L_00000233aadb21c0 .functor BUFT 1, C4<00000000000000000000000000000101>, C4<0>, C4<0>, C4<0>;
v00000233aadad0a0_0 .net/2u *"_ivl_28", 31 0, L_00000233aadb21c0;  1 drivers
v00000233aadad8c0_0 .net *"_ivl_30", 0 0, L_00000233aadb1840;  1 drivers
v00000233aadadc80_0 .net *"_ivl_32", 31 0, L_00000233aadb18e0;  1 drivers
L_00000233aadb2208 .functor BUFT 1, C4<0000000000000000000000000000>, C4<0>, C4<0>, C4<0>;
v00000233aadac740_0 .net *"_ivl_35", 27 0, L_00000233aadb2208;  1 drivers
L_00000233aadb2250 .functor BUFT 1, C4<00000000000000000000000000000110>, C4<0>, C4<0>, C4<0>;
v00000233aadacc40_0 .net/2u *"_ivl_36", 31 0, L_00000233aadb2250;  1 drivers
v00000233aadadd20_0 .net *"_ivl_38", 0 0, L_00000233aadb1a20;  1 drivers
v00000233aadac7e0_0 .net *"_ivl_40", 3 0, L_00000233aadb1e80;  1 drivers
v00000233aadade60_0 .net *"_ivl_47", 0 0, L_00000233aacf4ec0;  1 drivers
v00000233aadacb00_0 .net *"_ivl_50", 31 0, L_00000233aae0a970;  1 drivers
L_00000233aadb22e0 .functor BUFT 1, C4<0000000000000000000000000000000>, C4<0>, C4<0>, C4<0>;
v00000233aadac880_0 .net *"_ivl_53", 30 0, L_00000233aadb22e0;  1 drivers
L_00000233aadb2328 .functor BUFT 1, C4<00000000000000000000000000000000>, C4<0>, C4<0>, C4<0>;
v00000233aadacf60_0 .net/2u *"_ivl_54", 31 0, L_00000233aadb2328;  1 drivers
v00000233aadadfa0_0 .net *"_ivl_56", 0 0, L_00000233aae0ae70;  1 drivers
v00000233aadb1ac0_0 .net *"_ivl_60", 31 0, L_00000233aae0a290;  1 drivers
L_00000233aadb2370 .functor BUFT 1, C4<000000000000000000000000000000>, C4<0>, C4<0>, C4<0>;
v00000233aadb0e40_0 .net *"_ivl_63", 29 0, L_00000233aadb2370;  1 drivers
L_00000233aadb23b8 .functor BUFT 1, C4<00000000000000000000000000000000>, C4<0>, C4<0>, C4<0>;
v00000233aadb06c0_0 .net/2u *"_ivl_64", 31 0, L_00000233aadb23b8;  1 drivers
v00000233aadb1c00_0 .net *"_ivl_66", 0 0, L_00000233aae0b230;  1 drivers
v00000233aadb1b60_0 .net *"_ivl_68", 31 0, L_00000233aae0b690;  1 drivers
L_00000233aadb2400 .functor BUFT 1, C4<000000000000000000000000000000>, C4<0>, C4<0>, C4<0>;
v00000233aadb0d00_0 .net *"_ivl_71", 29 0, L_00000233aadb2400;  1 drivers
L_00000233aadb2448 .functor BUFT 1, C4<00000000000000000000000000000001>, C4<0>, C4<0>, C4<0>;
v00000233aadb03a0_0 .net/2u *"_ivl_72", 31 0, L_00000233aadb2448;  1 drivers
v00000233aadb08a0_0 .net *"_ivl_74", 0 0, L_00000233aae0ba50;  1 drivers
L_00000233aadb2490 .functor BUFT 1, C4<00000000000000000000000000000001>, C4<0>, C4<0>, C4<0>;
v00000233aadb0760_0 .net/2u *"_ivl_76", 31 0, L_00000233aadb2490;  1 drivers
v00000233aadb01c0_0 .net *"_ivl_78", 31 0, L_00000233aae0b410;  1 drivers
v00000233aadb1520_0 .net *"_ivl_82", 31 0, L_00000233aae0bf50;  1 drivers
L_00000233aadb2568 .functor BUFT 1, C4<0000000000000000000000000000000>, C4<0>, C4<0>, C4<0>;
v00000233aadb0940_0 .net *"_ivl_85", 30 0, L_00000233aadb2568;  1 drivers
L_00000233aadb25b0 .functor BUFT 1, C4<00000000000000000000000000000001>, C4<0>, C4<0>, C4<0>;
v00000233aadb1160_0 .net/2u *"_ivl_86", 31 0, L_00000233aadb25b0;  1 drivers
v00000233aadb09e0_0 .net *"_ivl_88", 0 0, L_00000233aae0ad30;  1 drivers
v00000233aadb1200_0 .net *"_ivl_92", 31 0, L_00000233aae0a150;  1 drivers
L_00000233aadb25f8 .functor BUFT 1, C4<000000000000000000000000000000>, C4<0>, C4<0>, C4<0>;
v00000233aadb0da0_0 .net *"_ivl_95", 29 0, L_00000233aadb25f8;  1 drivers
L_00000233aadb2640 .functor BUFT 1, C4<00000000000000000000000000000000>, C4<0>, C4<0>, C4<0>;
v00000233aadb1480_0 .net/2u *"_ivl_96", 31 0, L_00000233aadb2640;  1 drivers
v00000233aadb0f80_0 .net *"_ivl_98", 0 0, L_00000233aae0b730;  1 drivers
v00000233aadb0120_0 .net "clk", 0 0, v00000233aadb0620_0;  1 drivers
v00000233aadb1f20_0 .net "instr_from_mem", 23 0, L_00000233aacf4b40;  1 drivers
v00000233aadb1ca0_0 .net "opcode", 3 0, L_00000233aadb12a0;  1 drivers
v00000233aadb0a80_0 .net "pc", 31 0, v00000233aadaaf50_0;  1 drivers
v00000233aadb0800_0 .net "pc_next", 31 0, L_00000233aae0b5f0;  1 drivers
v00000233aadb0ee0_0 .net "rd", 3 0, L_00000233aadb10c0;  1 drivers
v00000233aadb0b20_0 .net "rs1", 3 0, L_00000233aadb1340;  1 drivers
v00000233aadb1020_0 .net "rs2_b", 3 0, L_00000233aadb1de0;  1 drivers
v00000233aadb0300_0 .net "rs2_r", 3 0, L_00000233aadb0bc0;  1 drivers
v00000233aadb1660_0 .net "rs2_s", 3 0, L_00000233aadb1d40;  1 drivers
v00000233aadb1980_0 .net "rst", 0 0, v00000233aadb04e0_0;  1 drivers
v00000233aadb1fc0_0 .net "state", 2 0, v00000233aacdf160_0;  1 drivers
L_00000233aadb12a0 .part v00000233aadadaa0_0, 20, 4;
L_00000233aadb10c0 .part v00000233aadadaa0_0, 16, 4;
L_00000233aadb1340 .part v00000233aadadaa0_0, 12, 4;
L_00000233aadb0bc0 .part v00000233aadadaa0_0, 8, 4;
L_00000233aadb1d40 .part v00000233aadadaa0_0, 16, 4;
L_00000233aadb1de0 .part v00000233aadadaa0_0, 12, 4;
L_00000233aadb0c60 .concat [ 4 28 0 0], L_00000233aadb12a0, L_00000233aadb20e8;
L_00000233aadb1700 .cmp/eq 32, L_00000233aadb0c60, L_00000233aadb2130;
L_00000233aadb13e0 .part v00000233aadadaa0_0, 16, 4;
L_00000233aadb15c0 .functor MUXZ 4, L_00000233aadb1340, L_00000233aadb13e0, L_00000233aadb1700, C4<>;
L_00000233aadb17a0 .concat [ 4 28 0 0], L_00000233aadb12a0, L_00000233aadb2178;
L_00000233aadb1840 .cmp/eq 32, L_00000233aadb17a0, L_00000233aadb21c0;
L_00000233aadb18e0 .concat [ 4 28 0 0], L_00000233aadb12a0, L_00000233aadb2208;
L_00000233aadb1a20 .cmp/eq 32, L_00000233aadb18e0, L_00000233aadb2250;
L_00000233aadb1e80 .functor MUXZ 4, L_00000233aadb0bc0, L_00000233aadb1de0, L_00000233aadb1a20, C4<>;
L_00000233aadb0260 .functor MUXZ 4, L_00000233aadb1e80, L_00000233aadb1d40, L_00000233aadb1840, C4<>;
L_00000233aae0a970 .concat [ 1 31 0 0], v00000233aacf37a0_0, L_00000233aadb22e0;
L_00000233aae0ae70 .cmp/eq 32, L_00000233aae0a970, L_00000233aadb2328;
L_00000233aae0a470 .functor MUXZ 32, v00000233aadaa550_0, v00000233aadaaf50_0, L_00000233aae0ae70, C4<>;
L_00000233aae0a290 .concat [ 2 30 0 0], v00000233aacf30c0_0, L_00000233aadb2370;
L_00000233aae0b230 .cmp/eq 32, L_00000233aae0a290, L_00000233aadb23b8;
L_00000233aae0b690 .concat [ 2 30 0 0], v00000233aacf30c0_0, L_00000233aadb2400;
L_00000233aae0ba50 .cmp/eq 32, L_00000233aae0b690, L_00000233aadb2448;
L_00000233aae0b410 .functor MUXZ 32, L_00000233aadb2490, v00000233aadaa9b0_0, L_00000233aae0ba50, C4<>;
L_00000233aae0a6f0 .functor MUXZ 32, L_00000233aae0b410, v00000233aadabe50_0, L_00000233aae0b230, C4<>;
L_00000233aae0bf50 .concat [ 1 31 0 0], v00000233aacf33e0_0, L_00000233aadb2568;
L_00000233aae0ad30 .cmp/eq 32, L_00000233aae0bf50, L_00000233aadb25b0;
L_00000233aae0a790 .functor MUXZ 32, v00000233aadabc70_0, v00000233aadad960_0, L_00000233aae0ad30, C4<>;
L_00000233aae0a150 .concat [ 2 30 0 0], v00000233aacf3480_0, L_00000233aadb25f8;
L_00000233aae0b730 .cmp/eq 32, L_00000233aae0a150, L_00000233aadb2640;
L_00000233aae0b4b0 .concat [ 2 30 0 0], v00000233aacf3480_0, L_00000233aadb2688;
L_00000233aae0a830 .cmp/eq 32, L_00000233aae0b4b0, L_00000233aadb26d0;
L_00000233aae0a8d0 .arith/sum 32, v00000233aadaaf50_0, v00000233aadaa9b0_0;
L_00000233aae0aa10 .concat [ 2 30 0 0], v00000233aacf3480_0, L_00000233aadb2718;
L_00000233aae0add0 .cmp/eq 32, L_00000233aae0aa10, L_00000233aadb2760;
L_00000233aae0b2d0 .arith/sum 32, v00000233aadaaf50_0, v00000233aadaa9b0_0;
L_00000233aae0b9b0 .functor MUXZ 32, v00000233aacf3d40_0, L_00000233aae0b2d0, L_00000233aae0add0, C4<>;
L_00000233aae0b370 .functor MUXZ 32, L_00000233aae0b9b0, L_00000233aae0a8d0, L_00000233aae0a830, C4<>;
L_00000233aae0b5f0 .functor MUXZ 32, L_00000233aae0b370, v00000233aacf3d40_0, L_00000233aae0b730, C4<>;
S_00000233aac667a0 .scope module, "alu" "ALU" 3 118, 4 1 0, S_00000233aac66610;
 .timescale 0 0;
    .port_info 0 /INPUT 32 "A";
    .port_info 1 /INPUT 32 "B";
    .port_info 2 /INPUT 2 "AluControl";
    .port_info 3 /OUTPUT 32 "Result";
    .port_info 4 /OUTPUT 1 "Zero";
v00000233aacf2e40_0 .net "A", 31 0, L_00000233aae0a470;  alias, 1 drivers
v00000233aacf2f80_0 .net "AluControl", 1 0, v00000233aacf4600_0;  alias, 1 drivers
v00000233aacf38e0_0 .net "B", 31 0, L_00000233aae0a6f0;  alias, 1 drivers
v00000233aacf3d40_0 .var "Result", 31 0;
v00000233aacf4380_0 .net "Zero", 0 0, L_00000233aae0a3d0;  alias, 1 drivers
L_00000233aadb24d8 .functor BUFT 1, C4<00000000000000000000000000000000>, C4<0>, C4<0>, C4<0>;
v00000233aacf2bc0_0 .net/2u *"_ivl_0", 31 0, L_00000233aadb24d8;  1 drivers
E_00000233aacee1d0 .event anyedge, v00000233aacf2f80_0, v00000233aacf2e40_0, v00000233aacf38e0_0;
L_00000233aae0a3d0 .cmp/eq 32, v00000233aacf3d40_0, L_00000233aadb24d8;
S_00000233aac66930 .scope module, "cu" "Control_unit" 3 76, 5 1 0, S_00000233aac66610;
 .timescale 0 0;
    .port_info 0 /INPUT 1 "clk";
    .port_info 1 /INPUT 1 "rst";
    .port_info 2 /INPUT 4 "opcode";
    .port_info 3 /INPUT 1 "Zero";
    .port_info 4 /OUTPUT 1 "PCWrite";
    .port_info 5 /OUTPUT 1 "IRWrite";
    .port_info 6 /OUTPUT 1 "RegWrite";
    .port_info 7 /OUTPUT 1 "MemRead";
    .port_info 8 /OUTPUT 1 "MemWrite";
    .port_info 9 /OUTPUT 1 "MDRWrite";
    .port_info 10 /OUTPUT 1 "ALUOutWrite";
    .port_info 11 /OUTPUT 1 "ALUSrcA";
    .port_info 12 /OUTPUT 2 "ALUSrcB";
    .port_info 13 /OUTPUT 2 "ALUOp";
    .port_info 14 /OUTPUT 1 "MemToReg";
    .port_info 15 /OUTPUT 1 "Branch";
    .port_info 16 /OUTPUT 1 "Jump";
    .port_info 17 /OUTPUT 2 "PCSrc";
    .port_info 18 /OUTPUT 3 "state";
P_00000233aacb32b0 .param/l "ADD" 1 5 25, +C4<00000000000000000000000000000000>;
P_00000233aacb32e8 .param/l "ADDI" 1 5 28, +C4<00000000000000000000000000000011>;
P_00000233aacb3320 .param/l "ANDD" 1 5 27, +C4<00000000000000000000000000000010>;
P_00000233aacb3358 .param/l "BEQ" 1 5 31, +C4<00000000000000000000000000000110>;
P_00000233aacb3390 .param/l "DECODE" 1 5 36, +C4<00000000000000000000000000000001>;
P_00000233aacb33c8 .param/l "EXEC" 1 5 37, +C4<00000000000000000000000000000010>;
P_00000233aacb3400 .param/l "FETCH" 1 5 35, +C4<00000000000000000000000000000000>;
P_00000233aacb3438 .param/l "JUMP" 1 5 32, +C4<00000000000000000000000000000111>;
P_00000233aacb3470 .param/l "JUMP_S" 1 5 40, +C4<00000000000000000000000000000101>;
P_00000233aacb34a8 .param/l "LOAD" 1 5 29, +C4<00000000000000000000000000000100>;
P_00000233aacb34e0 .param/l "MEM" 1 5 38, +C4<00000000000000000000000000000011>;
P_00000233aacb3518 .param/l "STORE" 1 5 30, +C4<00000000000000000000000000000101>;
P_00000233aacb3550 .param/l "SUB" 1 5 26, +C4<00000000000000000000000000000001>;
P_00000233aacb3588 .param/l "WB" 1 5 39, +C4<00000000000000000000000000000100>;
v00000233aacf4600_0 .var "ALUOp", 1 0;
v00000233aacf4240_0 .var "ALUOutWrite", 0 0;
v00000233aacf37a0_0 .var "ALUSrcA", 0 0;
v00000233aacf30c0_0 .var "ALUSrcB", 1 0;
v00000233aacf2c60_0 .var "Branch", 0 0;
v00000233aacf3ca0_0 .var "IRWrite", 0 0;
v00000233aacf2da0_0 .var "Jump", 0 0;
v00000233aacf4420_0 .var "MDRWrite", 0 0;
v00000233aacf44c0_0 .var "MemRead", 0 0;
v00000233aacf33e0_0 .var "MemToReg", 0 0;
v00000233aacf3b60_0 .var "MemWrite", 0 0;
v00000233aacf3480_0 .var "PCSrc", 1 0;
v00000233aacf3980_0 .var "PCWrite", 0 0;
v00000233aacf3e80_0 .var "RegWrite", 0 0;
v00000233aacf3c00_0 .net "Zero", 0 0, L_00000233aae0a3d0;  alias, 1 drivers
v00000233aacf3f20_0 .net "clk", 0 0, v00000233aadb0620_0;  alias, 1 drivers
v00000233aacdf5c0_0 .var "next_state", 2 0;
v00000233aacdf8e0_0 .net "opcode", 3 0, L_00000233aadb12a0;  alias, 1 drivers
v00000233aacdf980_0 .net "rst", 0 0, v00000233aadb04e0_0;  alias, 1 drivers
v00000233aacdf160_0 .var "state", 2 0;
E_00000233aaced590 .event anyedge, v00000233aacdf160_0, v00000233aacdf8e0_0;
E_00000233aacea390 .event posedge, v00000233aacdf980_0, v00000233aacf3f20_0;
S_00000233aacb35d0 .scope module, "dmem" "Data_mem" 3 126, 6 1 0, S_00000233aac66610;
 .timescale 0 0;
    .port_info 0 /INPUT 1 "clk";
    .port_info 1 /INPUT 1 "WE";
    .port_info 2 /INPUT 32 "A";
    .port_info 3 /INPUT 32 "WD";
    .port_info 4 /OUTPUT 32 "RD";
L_00000233aacf4d00 .functor BUFZ 32, L_00000233aae0af10, C4<00000000000000000000000000000000>, C4<00000000000000000000000000000000>, C4<00000000000000000000000000000000>;
v00000233aadaad70_0 .net "A", 31 0, v00000233aadabc70_0;  1 drivers
v00000233aadaa690_0 .net "RD", 31 0, L_00000233aacf4d00;  alias, 1 drivers
v00000233aadaa730_0 .net "WD", 31 0, v00000233aadabe50_0;  1 drivers
v00000233aadabbd0_0 .net "WE", 0 0, v00000233aacf3b60_0;  alias, 1 drivers
v00000233aadab270_0 .net *"_ivl_0", 31 0, L_00000233aae0af10;  1 drivers
v00000233aadaa2d0_0 .net *"_ivl_3", 7 0, L_00000233aae0ac90;  1 drivers
v00000233aadaa7d0_0 .net *"_ivl_4", 9 0, L_00000233aae0bb90;  1 drivers
L_00000233aadb2520 .functor BUFT 1, C4<00>, C4<0>, C4<0>, C4<0>;
v00000233aadaa870_0 .net *"_ivl_7", 1 0, L_00000233aadb2520;  1 drivers
v00000233aadaa910_0 .net "clk", 0 0, v00000233aadb0620_0;  alias, 1 drivers
v00000233aadaaa50_0 .var/i "i", 31 0;
v00000233aadab630 .array "memory", 255 0, 31 0;
E_00000233aacea8d0 .event posedge, v00000233aacf3f20_0;
L_00000233aae0af10 .array/port v00000233aadab630, L_00000233aae0bb90;
L_00000233aae0ac90 .part v00000233aadabc70_0, 0, 8;
L_00000233aae0bb90 .concat [ 8 2 0 0], L_00000233aae0ac90, L_00000233aadb2520;
S_00000233aacaea50 .scope module, "ext" "Extend" 3 109, 7 1 0, S_00000233aac66610;
 .timescale 0 0;
    .port_info 0 /INPUT 24 "instr";
    .port_info 1 /OUTPUT 32 "ImmExt";
v00000233aadaa9b0_0 .var "ImmExt", 31 0;
v00000233aadab590_0 .net "instr", 23 0, v00000233aadadaa0_0;  1 drivers
v00000233aadaab90_0 .net "opcode", 3 0, L_00000233aae0a330;  1 drivers
E_00000233aacead10 .event anyedge, v00000233aadaab90_0, v00000233aadab590_0;
L_00000233aae0a330 .part v00000233aadadaa0_0, 20, 4;
S_00000233aacb00e0 .scope module, "imem" "Instruction_memory" 3 71, 8 1 0, S_00000233aac66610;
 .timescale 0 0;
    .port_info 0 /INPUT 32 "A";
    .port_info 1 /OUTPUT 24 "RD";
L_00000233aacf4b40 .functor BUFZ 24, L_00000233aadb0440, C4<000000000000000000000000>, C4<000000000000000000000000>, C4<000000000000000000000000>;
v00000233aadaa370_0 .net "A", 31 0, v00000233aadaaf50_0;  alias, 1 drivers
v00000233aadab8b0_0 .net "RD", 23 0, L_00000233aacf4b40;  alias, 1 drivers
v00000233aadab130_0 .net *"_ivl_0", 23 0, L_00000233aadb0440;  1 drivers
v00000233aadab9f0_0 .net *"_ivl_3", 7 0, L_00000233aadb0580;  1 drivers
v00000233aadaaaf0_0 .net *"_ivl_4", 9 0, L_00000233aae0abf0;  1 drivers
L_00000233aadb2298 .functor BUFT 1, C4<00>, C4<0>, C4<0>, C4<0>;
v00000233aadab950_0 .net *"_ivl_7", 1 0, L_00000233aadb2298;  1 drivers
v00000233aadaac30_0 .var/i "i", 31 0;
v00000233aadaacd0 .array "instr_mem", 255 0, 23 0;
L_00000233aadb0440 .array/port v00000233aadaacd0, L_00000233aae0abf0;
L_00000233aadb0580 .part v00000233aadaaf50_0, 0, 8;
L_00000233aae0abf0 .concat [ 8 2 0 0], L_00000233aadb0580, L_00000233aadb2298;
S_00000233aacb0270 .scope module, "pc_reg" "PC" 3 63, 9 1 0, S_00000233aac66610;
 .timescale 0 0;
    .port_info 0 /INPUT 1 "clk";
    .port_info 1 /INPUT 1 "rst";
    .port_info 2 /INPUT 1 "PCWrite";
    .port_info 3 /INPUT 32 "pc_next";
    .port_info 4 /OUTPUT 32 "pc";
v00000233aadab6d0_0 .net "PCWrite", 0 0, L_00000233aacf4f30;  1 drivers
v00000233aadaba90_0 .net "clk", 0 0, v00000233aadb0620_0;  alias, 1 drivers
v00000233aadaaf50_0 .var "pc", 31 0;
v00000233aadab4f0_0 .net "pc_next", 31 0, L_00000233aae0b5f0;  alias, 1 drivers
v00000233aadaa410_0 .net "rst", 0 0, v00000233aadb04e0_0;  alias, 1 drivers
S_00000233aacb0400 .scope module, "register_file" "RF" 3 98, 10 1 0, S_00000233aac66610;
 .timescale 0 0;
    .port_info 0 /INPUT 1 "clk";
    .port_info 1 /INPUT 1 "WE3";
    .port_info 2 /INPUT 4 "A1";
    .port_info 3 /INPUT 4 "A2";
    .port_info 4 /INPUT 4 "A3";
    .port_info 5 /INPUT 32 "WD3";
    .port_info 6 /OUTPUT 32 "RD1";
    .port_info 7 /OUTPUT 32 "RD2";
v00000233aadabf90_0 .net "A1", 3 0, L_00000233aadb15c0;  alias, 1 drivers
v00000233aadabb30_0 .net "A2", 3 0, L_00000233aadb0260;  alias, 1 drivers
v00000233aadaae10_0 .net "A3", 3 0, L_00000233aacf54e0;  alias, 1 drivers
v00000233aadaaeb0_0 .var "RD1", 31 0;
v00000233aadaa5f0_0 .var "RD2", 31 0;
v00000233aadaa4b0 .array "REG", 15 0, 31 0;
v00000233aadaa190_0 .net "WD3", 31 0, L_00000233aae0a790;  alias, 1 drivers
v00000233aadaaff0_0 .net "WE3", 0 0, v00000233aacf3e80_0;  alias, 1 drivers
v00000233aadabdb0_0 .net "clk", 0 0, v00000233aadb0620_0;  alias, 1 drivers
v00000233aadab090_0 .var/i "i", 31 0;
v00000233aadaa4b0_0 .array/port v00000233aadaa4b0, 0;
v00000233aadaa4b0_1 .array/port v00000233aadaa4b0, 1;
v00000233aadaa4b0_2 .array/port v00000233aadaa4b0, 2;
E_00000233aaceb090/0 .event anyedge, v00000233aadabf90_0, v00000233aadaa4b0_0, v00000233aadaa4b0_1, v00000233aadaa4b0_2;
v00000233aadaa4b0_3 .array/port v00000233aadaa4b0, 3;
v00000233aadaa4b0_4 .array/port v00000233aadaa4b0, 4;
v00000233aadaa4b0_5 .array/port v00000233aadaa4b0, 5;
v00000233aadaa4b0_6 .array/port v00000233aadaa4b0, 6;
E_00000233aaceb090/1 .event anyedge, v00000233aadaa4b0_3, v00000233aadaa4b0_4, v00000233aadaa4b0_5, v00000233aadaa4b0_6;
v00000233aadaa4b0_7 .array/port v00000233aadaa4b0, 7;
v00000233aadaa4b0_8 .array/port v00000233aadaa4b0, 8;
v00000233aadaa4b0_9 .array/port v00000233aadaa4b0, 9;
v00000233aadaa4b0_10 .array/port v00000233aadaa4b0, 10;
E_00000233aaceb090/2 .event anyedge, v00000233aadaa4b0_7, v00000233aadaa4b0_8, v00000233aadaa4b0_9, v00000233aadaa4b0_10;
v00000233aadaa4b0_11 .array/port v00000233aadaa4b0, 11;
v00000233aadaa4b0_12 .array/port v00000233aadaa4b0, 12;
v00000233aadaa4b0_13 .array/port v00000233aadaa4b0, 13;
v00000233aadaa4b0_14 .array/port v00000233aadaa4b0, 14;
E_00000233aaceb090/3 .event anyedge, v00000233aadaa4b0_11, v00000233aadaa4b0_12, v00000233aadaa4b0_13, v00000233aadaa4b0_14;
v00000233aadaa4b0_15 .array/port v00000233aadaa4b0, 15;
E_00000233aaceb090/4 .event anyedge, v00000233aadaa4b0_15, v00000233aadabb30_0;
E_00000233aaceb090 .event/or E_00000233aaceb090/0, E_00000233aaceb090/1, E_00000233aaceb090/2, E_00000233aaceb090/3, E_00000233aaceb090/4;
    .scope S_00000233aacb0270;
T_0 ;
    %wait E_00000233aacea390;
    %load/vec4 v00000233aadaa410_0;
    %flag_set/vec4 8;
    %jmp/0xz  T_0.0, 8;
    %pushi/vec4 0, 0, 32;
    %assign/vec4 v00000233aadaaf50_0, 0;
    %jmp T_0.1;
T_0.0 ;
    %load/vec4 v00000233aadab6d0_0;
    %flag_set/vec4 8;
    %jmp/0xz  T_0.2, 8;
    %load/vec4 v00000233aadab4f0_0;
    %assign/vec4 v00000233aadaaf50_0, 0;
T_0.2 ;
T_0.1 ;
    %jmp T_0;
    .thread T_0;
    .scope S_00000233aacb00e0;
T_1 ;
    %pushi/vec4 0, 0, 32;
    %store/vec4 v00000233aadaac30_0, 0, 32;
T_1.0 ; Top of for-loop
    %load/vec4 v00000233aadaac30_0;
    %cmpi/s 256, 0, 32;
	  %jmp/0xz T_1.1, 5;
    %pushi/vec4 0, 0, 24;
    %ix/getv/s 4, v00000233aadaac30_0;
    %store/vec4a v00000233aadaacd0, 4, 0;
T_1.2 ; for-loop step statement
    %load/vec4 v00000233aadaac30_0;
    %addi 1, 0, 32;
    %store/vec4 v00000233aadaac30_0, 0, 32;
    %jmp T_1.0;
T_1.1 ; for-loop exit label
    %vpi_call 8 14 "$readmemh", "instrMem.hex", v00000233aadaacd0 {0 0 0};
    %end;
    .thread T_1;
    .scope S_00000233aac66930;
T_2 ;
    %wait E_00000233aacea390;
    %load/vec4 v00000233aacdf980_0;
    %flag_set/vec4 8;
    %jmp/0xz  T_2.0, 8;
    %pushi/vec4 0, 0, 3;
    %assign/vec4 v00000233aacdf160_0, 0;
    %jmp T_2.1;
T_2.0 ;
    %load/vec4 v00000233aacdf5c0_0;
    %assign/vec4 v00000233aacdf160_0, 0;
T_2.1 ;
    %jmp T_2;
    .thread T_2;
    .scope S_00000233aac66930;
T_3 ;
    %wait E_00000233aaced590;
    %load/vec4 v00000233aacdf160_0;
    %dup/vec4;
    %pushi/vec4 0, 0, 3;
    %cmp/u;
    %jmp/1 T_3.0, 6;
    %dup/vec4;
    %pushi/vec4 1, 0, 3;
    %cmp/u;
    %jmp/1 T_3.1, 6;
    %dup/vec4;
    %pushi/vec4 2, 0, 3;
    %cmp/u;
    %jmp/1 T_3.2, 6;
    %dup/vec4;
    %pushi/vec4 3, 0, 3;
    %cmp/u;
    %jmp/1 T_3.3, 6;
    %dup/vec4;
    %pushi/vec4 4, 0, 3;
    %cmp/u;
    %jmp/1 T_3.4, 6;
    %dup/vec4;
    %pushi/vec4 5, 0, 3;
    %cmp/u;
    %jmp/1 T_3.5, 6;
    %pushi/vec4 0, 0, 3;
    %store/vec4 v00000233aacdf5c0_0, 0, 3;
    %jmp T_3.7;
T_3.0 ;
    %pushi/vec4 1, 0, 3;
    %store/vec4 v00000233aacdf5c0_0, 0, 3;
    %jmp T_3.7;
T_3.1 ;
    %load/vec4 v00000233aacdf8e0_0;
    %pad/u 32;
    %cmpi/e 7, 0, 32;
    %jmp/0xz  T_3.8, 4;
    %pushi/vec4 5, 0, 3;
    %store/vec4 v00000233aacdf5c0_0, 0, 3;
    %jmp T_3.9;
T_3.8 ;
    %pushi/vec4 2, 0, 3;
    %store/vec4 v00000233aacdf5c0_0, 0, 3;
T_3.9 ;
    %jmp T_3.7;
T_3.2 ;
    %load/vec4 v00000233aacdf8e0_0;
    %pad/u 32;
    %cmpi/e 4, 0, 32;
    %jmp/1 T_3.12, 4;
    %flag_mov 8, 4;
    %load/vec4 v00000233aacdf8e0_0;
    %pad/u 32;
    %cmpi/e 5, 0, 32;
    %flag_or 4, 8;
T_3.12;
    %jmp/0xz  T_3.10, 4;
    %pushi/vec4 3, 0, 3;
    %store/vec4 v00000233aacdf5c0_0, 0, 3;
    %jmp T_3.11;
T_3.10 ;
    %load/vec4 v00000233aacdf8e0_0;
    %pad/u 32;
    %cmpi/e 6, 0, 32;
    %jmp/0xz  T_3.13, 4;
    %pushi/vec4 0, 0, 3;
    %store/vec4 v00000233aacdf5c0_0, 0, 3;
    %jmp T_3.14;
T_3.13 ;
    %pushi/vec4 4, 0, 3;
    %store/vec4 v00000233aacdf5c0_0, 0, 3;
T_3.14 ;
T_3.11 ;
    %jmp T_3.7;
T_3.3 ;
    %load/vec4 v00000233aacdf8e0_0;
    %pad/u 32;
    %cmpi/e 4, 0, 32;
    %jmp/0xz  T_3.15, 4;
    %pushi/vec4 4, 0, 3;
    %store/vec4 v00000233aacdf5c0_0, 0, 3;
    %jmp T_3.16;
T_3.15 ;
    %pushi/vec4 0, 0, 3;
    %store/vec4 v00000233aacdf5c0_0, 0, 3;
T_3.16 ;
    %jmp T_3.7;
T_3.4 ;
    %pushi/vec4 0, 0, 3;
    %store/vec4 v00000233aacdf5c0_0, 0, 3;
    %jmp T_3.7;
T_3.5 ;
    %pushi/vec4 0, 0, 3;
    %store/vec4 v00000233aacdf5c0_0, 0, 3;
    %jmp T_3.7;
T_3.7 ;
    %pop/vec4 1;
    %jmp T_3;
    .thread T_3, $push;
    .scope S_00000233aac66930;
T_4 ;
    %wait E_00000233aaced590;
    %pushi/vec4 0, 0, 1;
    %store/vec4 v00000233aacf3980_0, 0, 1;
    %pushi/vec4 0, 0, 1;
    %store/vec4 v00000233aacf3ca0_0, 0, 1;
    %pushi/vec4 0, 0, 1;
    %store/vec4 v00000233aacf3e80_0, 0, 1;
    %pushi/vec4 0, 0, 1;
    %store/vec4 v00000233aacf44c0_0, 0, 1;
    %pushi/vec4 0, 0, 1;
    %store/vec4 v00000233aacf3b60_0, 0, 1;
    %pushi/vec4 0, 0, 1;
    %store/vec4 v00000233aacf4420_0, 0, 1;
    %pushi/vec4 0, 0, 1;
    %store/vec4 v00000233aacf4240_0, 0, 1;
    %pushi/vec4 0, 0, 1;
    %store/vec4 v00000233aacf37a0_0, 0, 1;
    %pushi/vec4 0, 0, 2;
    %store/vec4 v00000233aacf30c0_0, 0, 2;
    %pushi/vec4 0, 0, 2;
    %store/vec4 v00000233aacf4600_0, 0, 2;
    %pushi/vec4 0, 0, 1;
    %store/vec4 v00000233aacf33e0_0, 0, 1;
    %pushi/vec4 0, 0, 1;
    %store/vec4 v00000233aacf2c60_0, 0, 1;
    %pushi/vec4 0, 0, 1;
    %store/vec4 v00000233aacf2da0_0, 0, 1;
    %pushi/vec4 0, 0, 2;
    %store/vec4 v00000233aacf3480_0, 0, 2;
    %load/vec4 v00000233aacdf160_0;
    %dup/vec4;
    %pushi/vec4 0, 0, 3;
    %cmp/u;
    %jmp/1 T_4.0, 6;
    %dup/vec4;
    %pushi/vec4 2, 0, 3;
    %cmp/u;
    %jmp/1 T_4.1, 6;
    %dup/vec4;
    %pushi/vec4 3, 0, 3;
    %cmp/u;
    %jmp/1 T_4.2, 6;
    %dup/vec4;
    %pushi/vec4 4, 0, 3;
    %cmp/u;
    %jmp/1 T_4.3, 6;
    %dup/vec4;
    %pushi/vec4 5, 0, 3;
    %cmp/u;
    %jmp/1 T_4.4, 6;
    %jmp T_4.5;
T_4.0 ;
    %pushi/vec4 1, 0, 1;
    %store/vec4 v00000233aacf3ca0_0, 0, 1;
    %pushi/vec4 1, 0, 1;
    %store/vec4 v00000233aacf3980_0, 0, 1;
    %pushi/vec4 0, 0, 1;
    %store/vec4 v00000233aacf37a0_0, 0, 1;
    %pushi/vec4 2, 0, 2;
    %store/vec4 v00000233aacf30c0_0, 0, 2;
    %pushi/vec4 0, 0, 2;
    %store/vec4 v00000233aacf4600_0, 0, 2;
    %pushi/vec4 0, 0, 2;
    %store/vec4 v00000233aacf3480_0, 0, 2;
    %jmp T_4.5;
T_4.1 ;
    %pushi/vec4 1, 0, 1;
    %store/vec4 v00000233aacf37a0_0, 0, 1;
    %pushi/vec4 1, 0, 1;
    %store/vec4 v00000233aacf4240_0, 0, 1;
    %load/vec4 v00000233aacdf8e0_0;
    %pad/u 32;
    %cmpi/e 0, 0, 32;
    %jmp/1 T_4.10, 4;
    %flag_mov 8, 4;
    %load/vec4 v00000233aacdf8e0_0;
    %pad/u 32;
    %cmpi/e 1, 0, 32;
    %flag_or 4, 8;
T_4.10;
    %jmp/1 T_4.9, 4;
    %flag_mov 8, 4;
    %load/vec4 v00000233aacdf8e0_0;
    %pad/u 32;
    %cmpi/e 2, 0, 32;
    %flag_or 4, 8;
T_4.9;
    %jmp/1 T_4.8, 4;
    %flag_mov 8, 4;
    %load/vec4 v00000233aacdf8e0_0;
    %pad/u 32;
    %cmpi/e 6, 0, 32;
    %flag_or 4, 8;
T_4.8;
    %jmp/0xz  T_4.6, 4;
    %pushi/vec4 0, 0, 2;
    %store/vec4 v00000233aacf30c0_0, 0, 2;
    %jmp T_4.7;
T_4.6 ;
    %pushi/vec4 1, 0, 2;
    %store/vec4 v00000233aacf30c0_0, 0, 2;
T_4.7 ;
    %load/vec4 v00000233aacdf8e0_0;
    %pad/u 32;
    %cmpi/e 1, 0, 32;
    %jmp/1 T_4.13, 4;
    %flag_mov 8, 4;
    %load/vec4 v00000233aacdf8e0_0;
    %pad/u 32;
    %cmpi/e 6, 0, 32;
    %flag_or 4, 8;
T_4.13;
    %jmp/0xz  T_4.11, 4;
    %pushi/vec4 1, 0, 2;
    %store/vec4 v00000233aacf4600_0, 0, 2;
    %jmp T_4.12;
T_4.11 ;
    %load/vec4 v00000233aacdf8e0_0;
    %pad/u 32;
    %cmpi/e 2, 0, 32;
    %jmp/0xz  T_4.14, 4;
    %pushi/vec4 2, 0, 2;
    %store/vec4 v00000233aacf4600_0, 0, 2;
    %jmp T_4.15;
T_4.14 ;
    %pushi/vec4 0, 0, 2;
    %store/vec4 v00000233aacf4600_0, 0, 2;
T_4.15 ;
T_4.12 ;
    %load/vec4 v00000233aacdf8e0_0;
    %pad/u 32;
    %cmpi/e 6, 0, 32;
    %jmp/0xz  T_4.16, 4;
    %pushi/vec4 1, 0, 1;
    %store/vec4 v00000233aacf2c60_0, 0, 1;
    %pushi/vec4 1, 0, 2;
    %store/vec4 v00000233aacf3480_0, 0, 2;
T_4.16 ;
    %jmp T_4.5;
T_4.2 ;
    %load/vec4 v00000233aacdf8e0_0;
    %pad/u 32;
    %cmpi/e 4, 0, 32;
    %jmp/0xz  T_4.18, 4;
    %pushi/vec4 1, 0, 1;
    %store/vec4 v00000233aacf44c0_0, 0, 1;
    %pushi/vec4 1, 0, 1;
    %store/vec4 v00000233aacf4420_0, 0, 1;
    %jmp T_4.19;
T_4.18 ;
    %load/vec4 v00000233aacdf8e0_0;
    %pad/u 32;
    %cmpi/e 5, 0, 32;
    %jmp/0xz  T_4.20, 4;
    %pushi/vec4 1, 0, 1;
    %store/vec4 v00000233aacf3b60_0, 0, 1;
T_4.20 ;
T_4.19 ;
    %jmp T_4.5;
T_4.3 ;
    %load/vec4 v00000233aacdf8e0_0;
    %pad/u 32;
    %cmpi/e 4, 0, 32;
    %jmp/0xz  T_4.22, 4;
    %pushi/vec4 1, 0, 1;
    %store/vec4 v00000233aacf3e80_0, 0, 1;
    %pushi/vec4 1, 0, 1;
    %store/vec4 v00000233aacf33e0_0, 0, 1;
    %jmp T_4.23;
T_4.22 ;
    %load/vec4 v00000233aacdf8e0_0;
    %pad/u 32;
    %cmpi/ne 5, 0, 32;
    %flag_get/vec4 4;
    %jmp/0 T_4.27, 4;
    %load/vec4 v00000233aacdf8e0_0;
    %pad/u 32;
    %pushi/vec4 6, 0, 32;
    %cmp/ne;
    %flag_get/vec4 4;
    %and;
T_4.27;
    %flag_set/vec4 9;
    %flag_get/vec4 9;
    %jmp/0 T_4.26, 9;
    %load/vec4 v00000233aacdf8e0_0;
    %pad/u 32;
    %pushi/vec4 7, 0, 32;
    %cmp/ne;
    %flag_get/vec4 4;
    %and;
T_4.26;
    %flag_set/vec4 8;
    %jmp/0xz  T_4.24, 8;
    %pushi/vec4 1, 0, 1;
    %store/vec4 v00000233aacf3e80_0, 0, 1;
    %pushi/vec4 0, 0, 1;
    %store/vec4 v00000233aacf33e0_0, 0, 1;
T_4.24 ;
T_4.23 ;
    %jmp T_4.5;
T_4.4 ;
    %pushi/vec4 1, 0, 1;
    %store/vec4 v00000233aacf2da0_0, 0, 1;
    %pushi/vec4 1, 0, 1;
    %store/vec4 v00000233aacf3980_0, 0, 1;
    %pushi/vec4 2, 0, 2;
    %store/vec4 v00000233aacf3480_0, 0, 2;
    %jmp T_4.5;
T_4.5 ;
    %pop/vec4 1;
    %jmp T_4;
    .thread T_4, $push;
    .scope S_00000233aacb0400;
T_5 ;
    %pushi/vec4 0, 0, 32;
    %store/vec4 v00000233aadab090_0, 0, 32;
T_5.0 ; Top of for-loop
    %load/vec4 v00000233aadab090_0;
    %cmpi/s 16, 0, 32;
	  %jmp/0xz T_5.1, 5;
    %pushi/vec4 0, 0, 32;
    %ix/getv/s 4, v00000233aadab090_0;
    %store/vec4a v00000233aadaa4b0, 4, 0;
T_5.2 ; for-loop step statement
    %load/vec4 v00000233aadab090_0;
    %addi 1, 0, 32;
    %store/vec4 v00000233aadab090_0, 0, 32;
    %jmp T_5.0;
T_5.1 ; for-loop exit label
    %end;
    .thread T_5;
    .scope S_00000233aacb0400;
T_6 ;
    %wait E_00000233aaceb090;
    %load/vec4 v00000233aadabf90_0;
    %pad/u 32;
    %cmpi/e 0, 0, 32;
    %jmp/0xz  T_6.0, 4;
    %pushi/vec4 0, 0, 32;
    %store/vec4 v00000233aadaaeb0_0, 0, 32;
    %jmp T_6.1;
T_6.0 ;
    %load/vec4 v00000233aadabf90_0;
    %pad/u 6;
    %ix/vec4 4;
    %load/vec4a v00000233aadaa4b0, 4;
    %store/vec4 v00000233aadaaeb0_0, 0, 32;
T_6.1 ;
    %load/vec4 v00000233aadabb30_0;
    %pad/u 32;
    %cmpi/e 0, 0, 32;
    %jmp/0xz  T_6.2, 4;
    %pushi/vec4 0, 0, 32;
    %store/vec4 v00000233aadaa5f0_0, 0, 32;
    %jmp T_6.3;
T_6.2 ;
    %load/vec4 v00000233aadabb30_0;
    %pad/u 6;
    %ix/vec4 4;
    %load/vec4a v00000233aadaa4b0, 4;
    %store/vec4 v00000233aadaa5f0_0, 0, 32;
T_6.3 ;
    %jmp T_6;
    .thread T_6, $push;
    .scope S_00000233aacb0400;
T_7 ;
    %wait E_00000233aacea8d0;
    %pushi/vec4 0, 0, 32;
    %ix/load 3, 0, 0;
    %flag_set/imm 4, 0;
    %ix/load 4, 0, 0; Constant delay
    %assign/vec4/a/d v00000233aadaa4b0, 0, 4;
    %load/vec4 v00000233aadaaff0_0;
    %flag_set/vec4 9;
    %flag_get/vec4 9;
    %jmp/0 T_7.2, 9;
    %load/vec4 v00000233aadaae10_0;
    %pad/u 32;
    %pushi/vec4 0, 0, 32;
    %cmp/ne;
    %flag_get/vec4 4;
    %and;
T_7.2;
    %flag_set/vec4 8;
    %jmp/0xz  T_7.0, 8;
    %load/vec4 v00000233aadaa190_0;
    %load/vec4 v00000233aadaae10_0;
    %pad/u 6;
    %ix/vec4 3;
    %ix/load 4, 0, 0; Constant delay
    %assign/vec4/a/d v00000233aadaa4b0, 0, 4;
T_7.0 ;
    %jmp T_7;
    .thread T_7;
    .scope S_00000233aacaea50;
T_8 ;
    %wait E_00000233aacead10;
    %load/vec4 v00000233aadaab90_0;
    %pad/u 32;
    %cmpi/e 7, 0, 32;
    %jmp/0xz  T_8.0, 4;
    %load/vec4 v00000233aadab590_0;
    %parti/s 1, 19, 6;
    %replicate 12;
    %load/vec4 v00000233aadab590_0;
    %parti/s 20, 0, 2;
    %concat/vec4; draw_concat_vec4
    %store/vec4 v00000233aadaa9b0_0, 0, 32;
    %jmp T_8.1;
T_8.0 ;
    %load/vec4 v00000233aadab590_0;
    %parti/s 1, 11, 5;
    %replicate 20;
    %load/vec4 v00000233aadab590_0;
    %parti/s 12, 0, 2;
    %concat/vec4; draw_concat_vec4
    %store/vec4 v00000233aadaa9b0_0, 0, 32;
T_8.1 ;
    %jmp T_8;
    .thread T_8, $push;
    .scope S_00000233aac667a0;
T_9 ;
    %wait E_00000233aacee1d0;
    %load/vec4 v00000233aacf2f80_0;
    %dup/vec4;
    %pushi/vec4 0, 0, 2;
    %cmp/u;
    %jmp/1 T_9.0, 6;
    %dup/vec4;
    %pushi/vec4 1, 0, 2;
    %cmp/u;
    %jmp/1 T_9.1, 6;
    %dup/vec4;
    %pushi/vec4 2, 0, 2;
    %cmp/u;
    %jmp/1 T_9.2, 6;
    %pushi/vec4 0, 0, 32;
    %store/vec4 v00000233aacf3d40_0, 0, 32;
    %jmp T_9.4;
T_9.0 ;
    %load/vec4 v00000233aacf2e40_0;
    %load/vec4 v00000233aacf38e0_0;
    %add;
    %store/vec4 v00000233aacf3d40_0, 0, 32;
    %jmp T_9.4;
T_9.1 ;
    %load/vec4 v00000233aacf2e40_0;
    %load/vec4 v00000233aacf38e0_0;
    %sub;
    %store/vec4 v00000233aacf3d40_0, 0, 32;
    %jmp T_9.4;
T_9.2 ;
    %load/vec4 v00000233aacf2e40_0;
    %load/vec4 v00000233aacf38e0_0;
    %and;
    %store/vec4 v00000233aacf3d40_0, 0, 32;
    %jmp T_9.4;
T_9.4 ;
    %pop/vec4 1;
    %jmp T_9;
    .thread T_9, $push;
    .scope S_00000233aacb35d0;
T_10 ;
    %pushi/vec4 0, 0, 32;
    %store/vec4 v00000233aadaaa50_0, 0, 32;
T_10.0 ; Top of for-loop
    %load/vec4 v00000233aadaaa50_0;
    %cmpi/s 256, 0, 32;
	  %jmp/0xz T_10.1, 5;
    %pushi/vec4 0, 0, 32;
    %ix/getv/s 4, v00000233aadaaa50_0;
    %store/vec4a v00000233aadab630, 4, 0;
T_10.2 ; for-loop step statement
    %load/vec4 v00000233aadaaa50_0;
    %addi 1, 0, 32;
    %store/vec4 v00000233aadaaa50_0, 0, 32;
    %jmp T_10.0;
T_10.1 ; for-loop exit label
    %end;
    .thread T_10;
    .scope S_00000233aacb35d0;
T_11 ;
    %wait E_00000233aacea8d0;
    %load/vec4 v00000233aadabbd0_0;
    %flag_set/vec4 8;
    %jmp/0xz  T_11.0, 8;
    %load/vec4 v00000233aadaa730_0;
    %load/vec4 v00000233aadaad70_0;
    %parti/s 8, 0, 2;
    %pad/u 10;
    %ix/vec4 3;
    %ix/load 4, 0, 0; Constant delay
    %assign/vec4/a/d v00000233aadab630, 0, 4;
T_11.0 ;
    %jmp T_11;
    .thread T_11;
    .scope S_00000233aac66610;
T_12 ;
    %wait E_00000233aacea390;
    %load/vec4 v00000233aadb1980_0;
    %flag_set/vec4 8;
    %jmp/0xz  T_12.0, 8;
    %pushi/vec4 0, 0, 24;
    %assign/vec4 v00000233aadadaa0_0, 0;
    %pushi/vec4 0, 0, 32;
    %assign/vec4 v00000233aadaa550_0, 0;
    %pushi/vec4 0, 0, 32;
    %assign/vec4 v00000233aadabe50_0, 0;
    %pushi/vec4 0, 0, 32;
    %assign/vec4 v00000233aadabc70_0, 0;
    %pushi/vec4 0, 0, 32;
    %assign/vec4 v00000233aadad960_0, 0;
    %jmp T_12.1;
T_12.0 ;
    %load/vec4 v00000233aadad640_0;
    %flag_set/vec4 8;
    %jmp/0xz  T_12.2, 8;
    %load/vec4 v00000233aadb1f20_0;
    %assign/vec4 v00000233aadadaa0_0, 0;
T_12.2 ;
    %load/vec4 v00000233aadb1fc0_0;
    %pad/u 32;
    %cmpi/e 1, 0, 32;
    %jmp/0xz  T_12.4, 4;
    %load/vec4 v00000233aadac4c0_0;
    %assign/vec4 v00000233aadaa550_0, 0;
    %load/vec4 v00000233aadad1e0_0;
    %assign/vec4 v00000233aadabe50_0, 0;
T_12.4 ;
    %load/vec4 v00000233aadab3b0_0;
    %flag_set/vec4 8;
    %jmp/0xz  T_12.6, 8;
    %load/vec4 v00000233aadab450_0;
    %assign/vec4 v00000233aadabc70_0, 0;
T_12.6 ;
    %load/vec4 v00000233aadacd80_0;
    %flag_set/vec4 8;
    %jmp/0xz  T_12.8, 8;
    %load/vec4 v00000233aadacce0_0;
    %assign/vec4 v00000233aadad960_0, 0;
T_12.8 ;
T_12.1 ;
    %jmp T_12;
    .thread T_12;
    .scope S_00000233aacfd790;
T_13 ;
    %delay 5, 0;
    %load/vec4 v00000233aadb0620_0;
    %inv;
    %store/vec4 v00000233aadb0620_0, 0, 1;
    %jmp T_13;
    .thread T_13;
    .scope S_00000233aacfd790;
T_14 ;
    %pushi/vec4 0, 0, 1;
    %store/vec4 v00000233aadb0620_0, 0, 1;
    %pushi/vec4 1, 0, 1;
    %store/vec4 v00000233aadb04e0_0, 0, 1;
    %delay 12, 0;
    %pushi/vec4 0, 0, 1;
    %store/vec4 v00000233aadb04e0_0, 0, 1;
    %delay 500, 0;
    %vpi_call 2 23 "$finish" {0 0 0};
    %end;
    .thread T_14;
    .scope S_00000233aacfd790;
T_15 ;
    %vpi_call 2 27 "$dumpfile", "rv_mini_multicycle.vcd" {0 0 0};
    %vpi_call 2 28 "$dumpvars", 32'sb00000000000000000000000000000000, S_00000233aacfd790 {0 0 0};
    %end;
    .thread T_15;
    .scope S_00000233aacfd790;
T_16 ;
    %vpi_call 2 32 "$display", "pc | state | IR | ALUOut | MDR | R3 | R6 | R10 | MEM20" {0 0 0};
    %vpi_call 2 33 "$monitor", "%h | %d | %h | %d | %d | %d | %d | %d | %d", v00000233aadb0a80_0, v00000233aadb1fc0_0, v00000233aadadaa0_0, v00000233aadabc70_0, v00000233aadad960_0, &A<v00000233aadaa4b0, 3>, &A<v00000233aadaa4b0, 6>, &A<v00000233aadaa4b0, 10>, &A<v00000233aadab630, 20> {0 0 0};
    %end;
    .thread T_16;
# The file index is used to find the file name in the following table.
:file_names 11;
    "N/A";
    "<interactive>";
    "main_tb.v";
    "main.v";
    "ALU.v";
    "Control_unit.v";
    "Data_mem.v";
    "Extend.v";
    "Instruction_memory.v";
    "PC.v";
    "RF.v";
